root@srv833286:/var/www/html/orbit-system# npm run build

> orbit-institute-system@1.0.0 build
> vite build && esbuild server/index.ts --platform=node --packages=external --bundle --format=esm --outdir=dist

vite v5.4.14 building for production...
transforming (3) src/main.tsxBrowserslist: browsers data (caniuse-lite) is 8 months old. Please run:
  npx update-browserslist-db@latest
  Why you should do it regularly: https://github.com/browserslist/update-db#readme
✓ 4490 modules transformed.
../dist/public/index.html                                     1.85 kB │ gzip:   0.76 kB
../dist/public/assets/index-A_iIsPBt.css                     96.81 kB │ gzip:  15.82 kB
../dist/public/assets/filter-BlDxeM6H.js                      0.33 kB │ gzip:   0.26 kB
../dist/public/assets/arrow-left-VCX6kbpa.js                  0.33 kB │ gzip:   0.27 kB
../dist/public/assets/search-BGVPpWMG.js                      0.34 kB │ gzip:   0.27 kB
../dist/public/assets/circle-check-DDGI2MPP.js                0.34 kB │ gzip:   0.27 kB
../dist/public/assets/circle-check-big-e-LmDN8R.js            0.36 kB │ gzip:   0.28 kB
../dist/public/assets/circle-plus-D1iIwqLb.js                 0.37 kB │ gzip:   0.28 kB
../dist/public/assets/arrow-up-down-C8WzBr05.js               0.41 kB │ gzip:   0.30 kB
../dist/public/assets/chart-no-axes-column-BS9bE05O.js        0.43 kB │ gzip:   0.29 kB
../dist/public/assets/chart-pie-DkbcrDk5.js                   0.44 kB │ gzip:   0.33 kB
../dist/public/assets/differenceInDays-DJvcUzRT.js            0.47 kB │ gzip:   0.27 kB
../dist/public/assets/refresh-cw-qhaMPOcy.js                  0.49 kB │ gzip:   0.33 kB
../dist/public/assets/differenceInMonths-9M812RFj.js          0.52 kB │ gzip:   0.33 kB
../dist/public/assets/share-2-CGRwndsI.js                     0.52 kB │ gzip:   0.33 kB
../dist/public/assets/date-picker-DjwXjlZk.js                 0.60 kB │ gzip:   0.40 kB
../dist/public/assets/alert-BhqoIlbr.js                       0.91 kB │ gzip:   0.47 kB
../dist/public/assets/pagination-C7mTUAr9.js                  1.24 kB │ gzip:   0.52 kB
../dist/public/assets/formatDistanceToNow-Cn07slob.js         1.75 kB │ gzip:   0.74 kB
../dist/public/assets/success-CpDdtkqx.js                     1.80 kB │ gzip:   0.79 kB
../dist/public/assets/parseISO-7TwePM5L.js                    2.68 kB │ gzip:   1.19 kB
../dist/public/assets/progress-BKnZUIsT.js                    2.89 kB │ gzip:   1.36 kB
../dist/public/assets/radio-group-CLVy1qy4.js                 3.84 kB │ gzip:   1.75 kB
../dist/public/assets/details-CQG1QR0G.js                     5.33 kB │ gzip:   1.41 kB
../dist/public/assets/index-D_r_OWDn.js                       5.53 kB │ gzip:   2.08 kB
../dist/public/assets/working-hours-DwA_fCdR.js               5.79 kB │ gzip:   1.53 kB
../dist/public/assets/view-jrwGgn0F.js                        6.17 kB │ gzip:   1.67 kB
../dist/public/assets/index-wGbHzG1n.js                       6.45 kB │ gzip:   2.27 kB
../dist/public/assets/document-types-DqOIpfIw.js              7.02 kB │ gzip:   2.19 kB
../dist/public/assets/reports-CyMU_tgn.js                     7.15 kB │ gzip:   1.06 kB
../dist/public/assets/context-menu-J7fbAl5i.js                8.08 kB │ gzip:   2.20 kB
../dist/public/assets/edit-HINzRGSb.js                        8.10 kB │ gzip:   2.20 kB
../dist/public/assets/new-DK4rpewv.js                         8.49 kB │ gzip:   2.91 kB
../dist/public/assets/edit-C0FSACwO.js                        8.98 kB │ gzip:   2.61 kB
../dist/public/assets/campaigns-PpdOnpjh.js                   9.17 kB │ gzip:   2.79 kB
../dist/public/assets/follow-ups-Cd32nL02.js                  9.81 kB │ gzip:   2.23 kB
../dist/public/assets/new-4yM-uwoF.js                        10.40 kB │ gzip:   2.86 kB
../dist/public/assets/index-lPTN-TYl.js                      10.45 kB │ gzip:   2.96 kB
../dist/public/assets/_id_-m3Sbn8jX.js                       11.09 kB │ gzip:   2.97 kB
../dist/public/assets/visa-management-mst4SKZw.js            11.13 kB │ gzip:   3.06 kB
../dist/public/assets/print-CQtys9Fd.js                      12.41 kB │ gzip:   3.34 kB
../dist/public/assets/register-BIsnYI47.js                   13.39 kB │ gzip:   3.70 kB
../dist/public/assets/emails-D0JqfP6t.js                     13.42 kB │ gzip:   3.76 kB
../dist/public/assets/index-DbjZ845d.js                      13.81 kB │ gzip:   2.95 kB
../dist/public/assets/expenses-xOHJVE99.js                   14.01 kB │ gzip:   3.87 kB
../dist/public/assets/_token_-Cdz9TeoB.js                    14.54 kB │ gzip:   3.94 kB
../dist/public/assets/index-TiIcdrYR.js                      15.27 kB │ gzip:   3.53 kB
../dist/public/assets/signature-pad-B8_YfdfA.js              16.51 kB │ gzip:   5.89 kB
../dist/public/assets/index-Cd88qTKp.js                      16.52 kB │ gzip:   4.18 kB
../dist/public/assets/facilities-BPYU4N_l.js                 17.03 kB │ gzip:   3.76 kB
../dist/public/assets/index-7tDAv0Qh.js                      17.13 kB │ gzip:   4.15 kB
../dist/public/assets/posts-BHmDU83Y.js                      17.36 kB │ gzip:   5.38 kB
../dist/public/assets/dashboard-C2lxQoro.js                  17.48 kB │ gzip:   3.52 kB
../dist/public/assets/index-DJ66CKcV.js                      18.12 kB │ gzip:   4.84 kB
../dist/public/assets/index-CE1Beipd.js                      18.36 kB │ gzip:   4.70 kB
../dist/public/assets/corporate-leads-D2TMwvzy.js            18.71 kB │ gzip:   4.88 kB
../dist/public/assets/index-DBjap1ms.js                      18.81 kB │ gzip:   4.39 kB
../dist/public/assets/meetings-CZ8SaRb9.js                   19.41 kB │ gzip:   4.88 kB
../dist/public/assets/leads-KgWcN2O4.js                      19.65 kB │ gzip:   4.55 kB
../dist/public/assets/payment-gateway-C82Bb41g.js            20.34 kB │ gzip:   3.82 kB
../dist/public/assets/payment-link-generator-Do50WMeR.js     21.54 kB │ gzip:   6.49 kB
../dist/public/assets/purify.es-CF4_YkFU.js                  21.86 kB │ gzip:   8.62 kB
../dist/public/assets/trainer-revenue-CA7zl9l-.js            22.13 kB │ gzip:   7.28 kB
../dist/public/assets/index-B5NIO5J9.js                      32.42 kB │ gzip:   7.26 kB
../dist/public/assets/index.es-2LNf1JzM.js                  149.98 kB │ gzip:  51.25 kB
../dist/public/assets/html2canvas.esm-CBrSDip1.js           201.42 kB │ gzip:  48.03 kB
../dist/public/assets/_id_-C1vRCo38.js                      450.43 kB │ gzip: 183.65 kB
../dist/public/assets/index-BKq1Zoev.js                   1,981.34 kB │ gzip: 554.48 kB

(!) Some chunks are larger than 500 kB after minification. Consider:
- Using dynamic import() to code-split the application
- Use build.rollupOptions.output.manualChunks to improve chunking: https://rollupjs.org/configuration-options/#output-manualchunks
- Adjust chunk size limit for this warning via build.chunkSizeWarningLimit.
✓ built in 17.29s
▲ [WARNING] Duplicate member "deleteCrmMeeting" in class body [duplicate-class-member]

    server/storage.ts:3464:8:
      3464 │   async deleteCrmMeeting(id: number): Promise<boolean> {
           ╵         ~~~~~~~~~~~~~~~~

  The original member "deleteCrmMeeting" is here:

    server/storage.ts:3454:8:
      3454 │   async deleteCrmMeeting(id: number): Promise<boolean> {
           ╵         ~~~~~~~~~~~~~~~~

▲ [WARNING] Duplicate member "getRegistrationCourses" in class body [duplicate-class-member]

    server/storage.ts:3796:8:
      3796 │   async getRegistrationCourses(studentId: number): Promise<Regis...
           ╵         ~~~~~~~~~~~~~~~~~~~~~~

  The original member "getRegistrationCourses" is here:

    server/storage.ts:3230:8:
      3230 │   async getRegistrationCourses(studentId?: number): Promise<Regi...
           ╵         ~~~~~~~~~~~~~~~~~~~~~~

▲ [WARNING] Duplicate member "getRegistrationCourse" in class body [duplicate-class-member]

    server/storage.ts:3808:8:
      3808 │   async getRegistrationCourse(id: number): Promise<RegistrationC...
           ╵         ~~~~~~~~~~~~~~~~~~~~~

  The original member "getRegistrationCourse" is here:

    server/storage.ts:3260:8:
      3260 │   async getRegistrationCourse(id: number): Promise<RegistrationC...
           ╵         ~~~~~~~~~~~~~~~~~~~~~

▲ [WARNING] Duplicate member "createRegistrationCourse" in class body [duplicate-class-member]

    server/storage.ts:3821:8:
      3821 │   async createRegistrationCourse(course: InsertRegistrationCours...
           ╵         ~~~~~~~~~~~~~~~~~~~~~~~~

  The original member "createRegistrationCourse" is here:

    server/storage.ts:3266:8:
      3266 │   async createRegistrationCourse(course: InsertRegistrationCours...
           ╵         ~~~~~~~~~~~~~~~~~~~~~~~~

▲ [WARNING] Duplicate member "deleteRegistrationCourse" in class body [duplicate-class-member]

    server/storage.ts:3834:8:
      3834 │   async deleteRegistrationCourse(id: number): Promise<boolean> {
           ╵         ~~~~~~~~~~~~~~~~~~~~~~~~

  The original member "deleteRegistrationCourse" is here:

    server/storage.ts:3286:8:
      3286 │   async deleteRegistrationCourse(id: number): Promise<boolean> {
           ╵         ~~~~~~~~~~~~~~~~~~~~~~~~

5 warnings

  dist/index.js  301.4kb

⚡ Done in 28ms
root@srv833286:/var/www/html/orbit-system# ls -la dist/
total 316
drwxr-xr-x  3 root root   4096 Jun 22 16:18 .
drwxr-xr-x 17 root root   4096 Jun 22 16:50 ..
-rw-r--r--  1 root root 308590 Jun 22 16:51 index.js
drwxr-xr-x  3 root root   4096 Jun 22 16:51 public
root@srv833286:/var/www/html/orbit-system# mkdir -p server/public
root@srv833286:/var/www/html/orbit-system# cp -r dist/* server/public/
root@srv833286:/var/www/html/orbit-system# pm2 restart orbit-system
Use --update-env to update environment variables
[PM2] Applying action restartProcessId on app [orbit-system](ids: [ 0 ])
[PM2] [orbit-system](0) ✓
┌────┬────────────────────┬──────────┬──────┬───────────┬──────────┬──────────┐
│ id │ name               │ mode     │ ↺    │ status    │ cpu      │ memory   │
├────┼────────────────────┼──────────┼──────┼───────────┼──────────┼──────────┤
│ 0  │ orbit-system       │ fork     │ 452  │ online    │ 0%       │ 19.6mb   │
└────┴────────────────────┴──────────┴──────┴───────────┴──────────┴──────────┘
root@srv833286:/var/www/html/orbit-system# curl -k https://orbittraining.online/
<!DOCTYPE html>
<html lang="en">
<head>
<meta charset="utf-8">
<title>Error</title>
</head>
<body>
<pre>Not Found</pre>
</body>
</html>
root@srv833286:/var/www/html/orbit-system#
